// Jest Snapshot v1, https://goo.gl/fbAQLP

exports[`Breadcrumbs component renders Breadcrumbs component with provided props 1`] = `
.c0 {
  display: flex;
  align-items: center;
  list-style: none;
  gap: 4px;
}

.c1 {
  display: flex;
  align-items: center;
  font-size: 12px;
  font-weight: 700;
  color: #ffffff;
  gap: 4px;
  text-decoration: none;
}

.c1:hover {
  text-decoration: underline;
}

.c2 {
  display: flex;
  align-items: center;
  font-size: 12px;
  font-weight: 700;
  color: #ffffff;
  gap: 4px;
  text-decoration: none;
}

.c2:before {
  content: ' > ';
  font-weight: 300;
}

<div>
  <ul
    class="c0"
    data-testid="breadcrumbs-list"
  >
    <a
      href="/"
    >
      <li
        class="c1"
      >
        Home
      </li>
    </a>
    <li
      class="c2"
      data-testid="breadcrumbs-items"
    >
      Quem somos
    </li>
  </ul>
</div>
`;
