// Jest Snapshot v1, https://goo.gl/fbAQLP

exports[`Hero component renders Hero 1`] = `
.c0 {
  width: 100%;
  height: 81vh;
  display: flex;
  justify-content: center;
  align-items: center;
  flex-direction: column;
  background: url('/images/pokemon-hero.jpg') no-repeat center;
  background-size: cover;
}

.c1 {
  color: #FFFFFF;
  width: 509px;
  text-align: center;
}

<div
  class="c0"
  data-testid="hero-component"
>
  <h1
    class="c1"
  >
    Cuidamos bem do seu pokémon, para ele cuidar bem de você
  </h1>
</div>
`;
